// Jest Snapshot v1, https://goo.gl/fbAQLP

exports[`render tests should render Dashboard component correctly 1`] = `
<main
  className="Dashboard-content-2"
>
  <div
    className="Dashboard-toolbar-1"
  />
  <p>
    dashboard
  </p>
</main>
`;
