// Jest Snapshot v1, https://goo.gl/fbAQLP

exports[`render tests should render DashboardController component correctly 1`] = `
<div
  style={
    Object {
      "width": "100vw",
    }
  }
>
  <main
    className="Dashboard-content-2"
  >
    <div
      className="Dashboard-toolbar-1"
    />
    <p>
      dashboard
    </p>
  </main>
</div>
`;
