// Jest Snapshot v1, https://goo.gl/fbAQLP

exports[`render tests should render signIn component correctly 1`] = `
<div
  style={
    Object {
      "alignItems": "center",
      "display": "flex",
      "height": "90vh",
    }
  }
>
  <main
    className="MuiContainer-root MuiContainer-maxWidthXs"
  >
    <div
      className="PasswordRecovery-paper-12"
    >
      <div
        className="MuiAvatar-root MuiAvatar-circle PasswordRecovery-avatar-13 MuiAvatar-colorDefault"
      >
        <svg
          aria-hidden={true}
          className="MuiSvgIcon-root"
          focusable="false"
          viewBox="0 0 24 24"
        >
          <path
            d="M18 8h-1V6c0-2.76-2.24-5-5-5S7 3.24 7 6v2H6c-1.1 0-2 .9-2 2v10c0 1.1.9 2 2 2h12c1.1 0 2-.9 2-2V10c0-1.1-.9-2-2-2zM9 6c0-1.66 1.34-3 3-3s3 1.34 3 3v2H9V6zm9 14H6V10h12v10zm-6-3c1.1 0 2-.9 2-2s-.9-2-2-2-2 .9-2 2 .9 2 2 2z"
          />
        </svg>
      </div>
      <h1
        className="MuiTypography-root MuiTypography-h5"
      >
        Recover Your Password
      </h1>
      <form
        className="PasswordRecovery-form-14"
        noValidate={true}
      >
        <div
          className="MuiFormControl-root MuiTextField-root PasswordRecovery-textField-15 MuiFormControl-marginNormal MuiFormControl-fullWidth"
          onClick={[Function]}
        >
          <label
            className="MuiFormLabel-root MuiInputLabel-root MuiInputLabel-formControl MuiInputLabel-animated MuiInputLabel-outlined Mui-required Mui-required"
            data-shrink={false}
            htmlFor="email-textfield"
            id="email-textfield-label"
          >
            Email Address
            <span
              aria-hidden={true}
              className="MuiFormLabel-asterisk MuiInputLabel-asterisk"
            >
               
              *
            </span>
          </label>
          <div
            className="MuiInputBase-root MuiOutlinedInput-root MuiInputBase-fullWidth MuiInputBase-formControl"
            onClick={[Function]}
          >
            <input
              aria-invalid={false}
              autoComplete="email"
              autoFocus={true}
              className="MuiInputBase-input MuiOutlinedInput-input"
              disabled={false}
              id="email-textfield"
              name="email"
              onAnimationStart={[Function]}
              onBlur={[Function]}
              onChange={[Function]}
              onFocus={[Function]}
              required={true}
              type="text"
            />
            <fieldset
              aria-hidden={true}
              className="PrivateNotchedOutline-root-17 MuiOutlinedInput-notchedOutline"
            >
              <legend
                className="PrivateNotchedOutline-legendLabelled-19"
              >
                <span>
                  Email Address
                   *
                </span>
              </legend>
            </fieldset>
          </div>
          
        </div>
        <button
          className="MuiButtonBase-root MuiButton-root MuiButton-contained Button-button-21 Mui-disabled MuiButton-fullWidth Mui-disabled"
          disabled={true}
          id="email-button"
          onBlur={[Function]}
          onClick={[Function]}
          onDragLeave={[Function]}
          onFocus={[Function]}
          onKeyDown={[Function]}
          onKeyUp={[Function]}
          onMouseDown={[Function]}
          onMouseLeave={[Function]}
          onMouseUp={[Function]}
          onTouchEnd={[Function]}
          onTouchMove={[Function]}
          onTouchStart={[Function]}
          tabIndex={-1}
          type="submit"
        >
          <span
            className="MuiButton-label"
          >
            Email me a recovery code
          </span>
        </button>
        <div
          className="MuiGrid-root MuiGrid-container"
        >
          <div
            className="MuiGrid-root MuiGrid-item MuiGrid-grid-xs-true"
          >
            <a
              className="MuiTypography-root MuiLink-root MuiLink-underlineHover PasswordRecovery-link-16 MuiTypography-body2 MuiTypography-colorPrimary"
              href="/Sign-in"
              onBlur={[Function]}
              onFocus={[Function]}
            >
              Sign in
            </a>
          </div>
          <div
            className="MuiGrid-root MuiGrid-item"
          >
            <a
              className="MuiTypography-root MuiLink-root MuiLink-underlineHover PasswordRecovery-link-16 MuiTypography-body2 MuiTypography-colorPrimary"
              href="/sign-up"
              onBlur={[Function]}
              onFocus={[Function]}
            >
              Sign Up
            </a>
          </div>
        </div>
      </form>
    </div>
    <div
      className="MuiBox-root MuiBox-root-23"
    >
      <p
        className="MuiTypography-root MuiTypography-body2 MuiTypography-colorTextSecondary MuiTypography-alignCenter"
      >
        Copyright © 
        <a
          className="MuiTypography-root MuiLink-root MuiLink-underlineHover MuiTypography-colorInherit"
          href="https://material-ui.com/"
          onBlur={[Function]}
          onFocus={[Function]}
        >
          Clank
        </a>
         
        2020
        .
      </p>
    </div>
  </main>
</div>
`;
